Loading and preprocessing data...

Starting training for up to 10000 epochs...

Epoch   100/10000 - Train MSE: 0.231488, Test MSE: 0.230882, Test Acc: 0.6423
Epoch   200/10000 - Train MSE: 0.230537, Test MSE: 0.229834, Test Acc: 0.6423
Epoch   300/10000 - Train MSE: 0.230477, Test MSE: 0.229746, Test Acc: 0.6423
Epoch   400/10000 - Train MSE: 0.230471, Test MSE: 0.229733, Test Acc: 0.6423
Epoch   500/10000 - Train MSE: 0.230469, Test MSE: 0.229729, Test Acc: 0.6423
Epoch   600/10000 - Train MSE: 0.230468, Test MSE: 0.229727, Test Acc: 0.6423
Epoch   700/10000 - Train MSE: 0.230466, Test MSE: 0.229726, Test Acc: 0.6423
Epoch   800/10000 - Train MSE: 0.230464, Test MSE: 0.229724, Test Acc: 0.6423
Epoch   900/10000 - Train MSE: 0.230462, Test MSE: 0.229723, Test Acc: 0.6423
Epoch  1000/10000 - Train MSE: 0.230461, Test MSE: 0.229721, Test Acc: 0.6423
Epoch  1100/10000 - Train MSE: 0.230459, Test MSE: 0.229720, Test Acc: 0.6423
Epoch  1200/10000 - Train MSE: 0.230457, Test MSE: 0.229719, Test Acc: 0.6423
Epoch  1300/10000 - Train MSE: 0.230456, Test MSE: 0.229718, Test Acc: 0.6423
Epoch  1400/10000 - Train MSE: 0.230454, Test MSE: 0.229716, Test Acc: 0.6423
Epoch  1500/10000 - Train MSE: 0.230452, Test MSE: 0.229715, Test Acc: 0.6423
Epoch  1600/10000 - Train MSE: 0.230451, Test MSE: 0.229714, Test Acc: 0.6423
Epoch  1700/10000 - Train MSE: 0.230449, Test MSE: 0.229712, Test Acc: 0.6423
Epoch  1800/10000 - Train MSE: 0.230447, Test MSE: 0.229711, Test Acc: 0.6423
Epoch  1900/10000 - Train MSE: 0.230446, Test MSE: 0.229710, Test Acc: 0.6423
Epoch  2000/10000 - Train MSE: 0.230444, Test MSE: 0.229709, Test Acc: 0.6423
Epoch  2100/10000 - Train MSE: 0.230443, Test MSE: 0.229707, Test Acc: 0.6423
Epoch  2200/10000 - Train MSE: 0.230441, Test MSE: 0.229706, Test Acc: 0.6423
Epoch  2300/10000 - Train MSE: 0.230439, Test MSE: 0.229705, Test Acc: 0.6423
Epoch  2400/10000 - Train MSE: 0.230438, Test MSE: 0.229703, Test Acc: 0.6423
Epoch  2500/10000 - Train MSE: 0.230436, Test MSE: 0.229702, Test Acc: 0.6423
Epoch  2600/10000 - Train MSE: 0.230434, Test MSE: 0.229701, Test Acc: 0.6423
Epoch  2700/10000 - Train MSE: 0.230433, Test MSE: 0.229700, Test Acc: 0.6423
Epoch  2800/10000 - Train MSE: 0.230431, Test MSE: 0.229698, Test Acc: 0.6423
Epoch  2900/10000 - Train MSE: 0.230430, Test MSE: 0.229697, Test Acc: 0.6423
Epoch  3000/10000 - Train MSE: 0.230428, Test MSE: 0.229696, Test Acc: 0.6423
Epoch  3100/10000 - Train MSE: 0.230427, Test MSE: 0.229695, Test Acc: 0.6423
Epoch  3200/10000 - Train MSE: 0.230425, Test MSE: 0.229693, Test Acc: 0.6423
Epoch  3300/10000 - Train MSE: 0.230423, Test MSE: 0.229692, Test Acc: 0.6423
Epoch  3400/10000 - Train MSE: 0.230422, Test MSE: 0.229691, Test Acc: 0.6423
Epoch  3500/10000 - Train MSE: 0.230420, Test MSE: 0.229690, Test Acc: 0.6423
Epoch  3600/10000 - Train MSE: 0.230419, Test MSE: 0.229688, Test Acc: 0.6423
Epoch  3700/10000 - Train MSE: 0.230417, Test MSE: 0.229687, Test Acc: 0.6423
Epoch  3800/10000 - Train MSE: 0.230416, Test MSE: 0.229686, Test Acc: 0.6423
Epoch  3900/10000 - Train MSE: 0.230414, Test MSE: 0.229685, Test Acc: 0.6423
Epoch  4000/10000 - Train MSE: 0.230413, Test MSE: 0.229684, Test Acc: 0.6423
Epoch  4100/10000 - Train MSE: 0.230411, Test MSE: 0.229682, Test Acc: 0.6423
Epoch  4200/10000 - Train MSE: 0.230410, Test MSE: 0.229681, Test Acc: 0.6423
Epoch  4300/10000 - Train MSE: 0.230408, Test MSE: 0.229680, Test Acc: 0.6423
Epoch  4400/10000 - Train MSE: 0.230407, Test MSE: 0.229679, Test Acc: 0.6423
Epoch  4500/10000 - Train MSE: 0.230405, Test MSE: 0.229677, Test Acc: 0.6423
Epoch  4600/10000 - Train MSE: 0.230403, Test MSE: 0.229676, Test Acc: 0.6423
Epoch  4700/10000 - Train MSE: 0.230402, Test MSE: 0.229675, Test Acc: 0.6423
Epoch  4800/10000 - Train MSE: 0.230400, Test MSE: 0.229674, Test Acc: 0.6423
Epoch  4900/10000 - Train MSE: 0.230399, Test MSE: 0.229673, Test Acc: 0.6423
Epoch  5000/10000 - Train MSE: 0.230397, Test MSE: 0.229671, Test Acc: 0.6423
Epoch  5100/10000 - Train MSE: 0.230396, Test MSE: 0.229670, Test Acc: 0.6423
Epoch  5200/10000 - Train MSE: 0.230394, Test MSE: 0.229669, Test Acc: 0.6423
Epoch  5300/10000 - Train MSE: 0.230393, Test MSE: 0.229668, Test Acc: 0.6423
Epoch  5400/10000 - Train MSE: 0.230391, Test MSE: 0.229667, Test Acc: 0.6423
Epoch  5500/10000 - Train MSE: 0.230390, Test MSE: 0.229665, Test Acc: 0.6423
Epoch  5600/10000 - Train MSE: 0.230388, Test MSE: 0.229664, Test Acc: 0.6423
Epoch  5700/10000 - Train MSE: 0.230387, Test MSE: 0.229663, Test Acc: 0.6423
Epoch  5800/10000 - Train MSE: 0.230386, Test MSE: 0.229662, Test Acc: 0.6423
Epoch  5900/10000 - Train MSE: 0.230384, Test MSE: 0.229661, Test Acc: 0.6423
Epoch  6000/10000 - Train MSE: 0.230383, Test MSE: 0.229659, Test Acc: 0.6423
Epoch  6100/10000 - Train MSE: 0.230381, Test MSE: 0.229658, Test Acc: 0.6423
Epoch  6200/10000 - Train MSE: 0.230380, Test MSE: 0.229657, Test Acc: 0.6423
Epoch  6300/10000 - Train MSE: 0.230378, Test MSE: 0.229656, Test Acc: 0.6423
Epoch  6400/10000 - Train MSE: 0.230377, Test MSE: 0.229655, Test Acc: 0.6423
Epoch  6500/10000 - Train MSE: 0.230375, Test MSE: 0.229653, Test Acc: 0.6423
Epoch  6600/10000 - Train MSE: 0.230374, Test MSE: 0.229652, Test Acc: 0.6423
Epoch  6700/10000 - Train MSE: 0.230372, Test MSE: 0.229651, Test Acc: 0.6423
Epoch  6800/10000 - Train MSE: 0.230371, Test MSE: 0.229650, Test Acc: 0.6423
Epoch  6900/10000 - Train MSE: 0.230369, Test MSE: 0.229649, Test Acc: 0.6423
Epoch  7000/10000 - Train MSE: 0.230368, Test MSE: 0.229648, Test Acc: 0.6423
Epoch  7100/10000 - Train MSE: 0.230367, Test MSE: 0.229646, Test Acc: 0.6423
Epoch  7200/10000 - Train MSE: 0.230365, Test MSE: 0.229645, Test Acc: 0.6423
Epoch  7300/10000 - Train MSE: 0.230364, Test MSE: 0.229644, Test Acc: 0.6423
Epoch  7400/10000 - Train MSE: 0.230362, Test MSE: 0.229643, Test Acc: 0.6423
Epoch  7500/10000 - Train MSE: 0.230361, Test MSE: 0.229642, Test Acc: 0.6423
Epoch  7600/10000 - Train MSE: 0.230359, Test MSE: 0.229640, Test Acc: 0.6423
Epoch  7700/10000 - Train MSE: 0.230358, Test MSE: 0.229639, Test Acc: 0.6423
Epoch  7800/10000 - Train MSE: 0.230357, Test MSE: 0.229638, Test Acc: 0.6423
Epoch  7900/10000 - Train MSE: 0.230355, Test MSE: 0.229637, Test Acc: 0.6423
Epoch  8000/10000 - Train MSE: 0.230354, Test MSE: 0.229636, Test Acc: 0.6423
Epoch  8100/10000 - Train MSE: 0.230352, Test MSE: 0.229635, Test Acc: 0.6423
Epoch  8200/10000 - Train MSE: 0.230351, Test MSE: 0.229634, Test Acc: 0.6423
Epoch  8300/10000 - Train MSE: 0.230349, Test MSE: 0.229632, Test Acc: 0.6423
Epoch  8400/10000 - Train MSE: 0.230348, Test MSE: 0.229631, Test Acc: 0.6423
Epoch  8500/10000 - Train MSE: 0.230347, Test MSE: 0.229630, Test Acc: 0.6423
Epoch  8600/10000 - Train MSE: 0.230345, Test MSE: 0.229629, Test Acc: 0.6423
Epoch  8700/10000 - Train MSE: 0.230344, Test MSE: 0.229628, Test Acc: 0.6423
Epoch  8800/10000 - Train MSE: 0.230342, Test MSE: 0.229627, Test Acc: 0.6423
Epoch  8900/10000 - Train MSE: 0.230341, Test MSE: 0.229625, Test Acc: 0.6423
Epoch  9000/10000 - Train MSE: 0.230340, Test MSE: 0.229624, Test Acc: 0.6423
Epoch  9100/10000 - Train MSE: 0.230338, Test MSE: 0.229623, Test Acc: 0.6423
Epoch  9200/10000 - Train MSE: 0.230337, Test MSE: 0.229622, Test Acc: 0.6423
Epoch  9300/10000 - Train MSE: 0.230336, Test MSE: 0.229621, Test Acc: 0.6423
Epoch  9400/10000 - Train MSE: 0.230334, Test MSE: 0.229620, Test Acc: 0.6423
Epoch  9500/10000 - Train MSE: 0.230333, Test MSE: 0.229619, Test Acc: 0.6423
Epoch  9600/10000 - Train MSE: 0.230332, Test MSE: 0.229618, Test Acc: 0.6423
Epoch  9700/10000 - Train MSE: 0.230330, Test MSE: 0.229616, Test Acc: 0.6423
Epoch  9800/10000 - Train MSE: 0.230329, Test MSE: 0.229615, Test Acc: 0.6423
Epoch  9900/10000 - Train MSE: 0.230328, Test MSE: 0.229614, Test Acc: 0.6423
Epoch 10000/10000 - Train MSE: 0.230326, Test MSE: 0.229613, Test Acc: 0.6423

==================================================
FINAL EVALUATION METRICS
==================================================
Rows used after filtering: 22799
Train size: 18239
Test size: 4560
Best epoch: 10000
Best test MSE: 0.229613
Final train accuracy: 0.6396
Final test accuracy: 0.6423

==================================================
ARTIFICIAL APPLICANT PREDICTIONS
==================================================
   gpa  gre  gre_v  gre_aw  ms_vs_phd  international_vs_local  Predicted Probability Predicted Status
0  3.9  330    165     4.5        1.0                     1.0               0.374473         Rejected
1  3.2  300    150     3.0        0.0                     0.0               0.369034         Rejected
